de.metas.contracts.commission.commissioninstance.services.CommissionConfigFactoryTest.createFor=[ {
  "id" : 100007,
  "commissionProductId" : 100001,
  "subtractLowerLevelCommissionFromBase" : true,
  "bpartnerId2HierarchyContracts" : {
    "100011" : {
      "@type" : "HierarchyContract",
      "id" : 100012,
      "pointsPrecision" : 3,
      "commissionSettingsLineId" : 100010,
      "commissionPercent" : 20,
      "simulation" : false
    },
    "100013" : {
      "@type" : "HierarchyContract",
      "id" : 100014,
      "pointsPrecision" : 3,
      "commissionSettingsLineId" : 100010,
      "commissionPercent" : 20,
      "simulation" : false
    },
    "100015" : {
      "@type" : "HierarchyContract",
      "id" : 100016,
      "pointsPrecision" : 3,
      "commissionSettingsLineId" : 100010,
      "commissionPercent" : 20,
      "simulation" : false
    }
  },
  "commissionType" : "HIERARCHY_COMMISSION"
} ]


de.metas.contracts.commission.commissioninstance.services.CommissionConfigFactoryTest.createForExisingInstance=[ {
  "100021" : {
    "id" : 100017,
    "commissionProductId" : 100002,
    "subtractLowerLevelCommissionFromBase" : true,
    "bpartnerId2HierarchyContracts" : {
      "100011" : {
        "@type" : "HierarchyContract",
        "id" : 100021,
        "pointsPrecision" : 3,
        "commissionSettingsLineId" : 100020,
        "commissionPercent" : 20,
        "simulation" : false
      },
      "100013" : {
        "@type" : "HierarchyContract",
        "id" : 100022,
        "pointsPrecision" : 3,
        "commissionSettingsLineId" : 100020,
        "commissionPercent" : 20,
        "simulation" : false
      },
      "100015" : {
        "@type" : "HierarchyContract",
        "id" : 100023,
        "pointsPrecision" : 3,
        "commissionSettingsLineId" : 100020,
        "commissionPercent" : 20,
        "simulation" : false
      }
    },
    "commissionType" : "HIERARCHY_COMMISSION"
  },
  "100022" : {
    "id" : 100017,
    "commissionProductId" : 100002,
    "subtractLowerLevelCommissionFromBase" : true,
    "bpartnerId2HierarchyContracts" : {
      "100011" : {
        "@type" : "HierarchyContract",
        "id" : 100021,
        "pointsPrecision" : 3,
        "commissionSettingsLineId" : 100020,
        "commissionPercent" : 20,
        "simulation" : false
      },
      "100013" : {
        "@type" : "HierarchyContract",
        "id" : 100022,
        "pointsPrecision" : 3,
        "commissionSettingsLineId" : 100020,
        "commissionPercent" : 20,
        "simulation" : false
      },
      "100015" : {
        "@type" : "HierarchyContract",
        "id" : 100023,
        "pointsPrecision" : 3,
        "commissionSettingsLineId" : 100020,
        "commissionPercent" : 20,
        "simulation" : false
      }
    },
    "commissionType" : "HIERARCHY_COMMISSION"
  },
  "100023" : {
    "id" : 100017,
    "commissionProductId" : 100002,
    "subtractLowerLevelCommissionFromBase" : true,
    "bpartnerId2HierarchyContracts" : {
      "100011" : {
        "@type" : "HierarchyContract",
        "id" : 100021,
        "pointsPrecision" : 3,
        "commissionSettingsLineId" : 100020,
        "commissionPercent" : 20,
        "simulation" : false
      },
      "100013" : {
        "@type" : "HierarchyContract",
        "id" : 100022,
        "pointsPrecision" : 3,
        "commissionSettingsLineId" : 100020,
        "commissionPercent" : 20,
        "simulation" : false
      },
      "100015" : {
        "@type" : "HierarchyContract",
        "id" : 100023,
        "pointsPrecision" : 3,
        "commissionSettingsLineId" : 100020,
        "commissionPercent" : 20,
        "simulation" : false
      }
    },
    "commissionType" : "HIERARCHY_COMMISSION"
  },
  "100012" : {
    "id" : 100007,
    "commissionProductId" : 100001,
    "subtractLowerLevelCommissionFromBase" : true,
    "bpartnerId2HierarchyContracts" : {
      "100011" : {
        "@type" : "HierarchyContract",
        "id" : 100012,
        "pointsPrecision" : 3,
        "commissionSettingsLineId" : 100010,
        "commissionPercent" : 20,
        "simulation" : false
      },
      "100013" : {
        "@type" : "HierarchyContract",
        "id" : 100014,
        "pointsPrecision" : 3,
        "commissionSettingsLineId" : 100010,
        "commissionPercent" : 20,
        "simulation" : false
      },
      "100015" : {
        "@type" : "HierarchyContract",
        "id" : 100016,
        "pointsPrecision" : 3,
        "commissionSettingsLineId" : 100010,
        "commissionPercent" : 20,
        "simulation" : false
      }
    },
    "commissionType" : "HIERARCHY_COMMISSION"
  },
  "100014" : {
    "id" : 100007,
    "commissionProductId" : 100001,
    "subtractLowerLevelCommissionFromBase" : true,
    "bpartnerId2HierarchyContracts" : {
      "100011" : {
        "@type" : "HierarchyContract",
        "id" : 100012,
        "pointsPrecision" : 3,
        "commissionSettingsLineId" : 100010,
        "commissionPercent" : 20,
        "simulation" : false
      },
      "100013" : {
        "@type" : "HierarchyContract",
        "id" : 100014,
        "pointsPrecision" : 3,
        "commissionSettingsLineId" : 100010,
        "commissionPercent" : 20,
        "simulation" : false
      },
      "100015" : {
        "@type" : "HierarchyContract",
        "id" : 100016,
        "pointsPrecision" : 3,
        "commissionSettingsLineId" : 100010,
        "commissionPercent" : 20,
        "simulation" : false
      }
    },
    "commissionType" : "HIERARCHY_COMMISSION"
  },
  "100016" : {
    "id" : 100007,
    "commissionProductId" : 100001,
    "subtractLowerLevelCommissionFromBase" : true,
    "bpartnerId2HierarchyContracts" : {
      "100011" : {
        "@type" : "HierarchyContract",
        "id" : 100012,
        "pointsPrecision" : 3,
        "commissionSettingsLineId" : 100010,
        "commissionPercent" : 20,
        "simulation" : false
      },
      "100013" : {
        "@type" : "HierarchyContract",
        "id" : 100014,
        "pointsPrecision" : 3,
        "commissionSettingsLineId" : 100010,
        "commissionPercent" : 20,
        "simulation" : false
      },
      "100015" : {
        "@type" : "HierarchyContract",
        "id" : 100016,
        "pointsPrecision" : 3,
        "commissionSettingsLineId" : 100010,
        "commissionPercent" : 20,
        "simulation" : false
      }
    },
    "commissionType" : "HIERARCHY_COMMISSION"
  }
} ]


de.metas.contracts.commission.commissioninstance.services.CommissionConfigFactoryTest.createForNewCommissionInstances_multiple_contracts=[ [ {
  "id" : 100017,
  "commissionProductId" : 100002,
  "subtractLowerLevelCommissionFromBase" : true,
  "bpartnerId2HierarchyContracts" : {
    "100011" : {
      "@type" : "HierarchyContract",
      "id" : 100021,
      "pointsPrecision" : 3,
      "commissionSettingsLineId" : 100020,
      "commissionPercent" : 20,
      "simulation" : false
    },
    "100013" : {
      "@type" : "HierarchyContract",
      "id" : 100022,
      "pointsPrecision" : 3,
      "commissionSettingsLineId" : 100020,
      "commissionPercent" : 20,
      "simulation" : false
    },
    "100015" : {
      "@type" : "HierarchyContract",
      "id" : 100023,
      "pointsPrecision" : 3,
      "commissionSettingsLineId" : 100020,
      "commissionPercent" : 20,
      "simulation" : false
    }
  },
  "commissionType" : "HIERARCHY_COMMISSION"
}, {
  "id" : 100007,
  "commissionProductId" : 100001,
  "subtractLowerLevelCommissionFromBase" : true,
  "bpartnerId2HierarchyContracts" : {
    "100011" : {
      "@type" : "HierarchyContract",
      "id" : 100012,
      "pointsPrecision" : 3,
      "commissionSettingsLineId" : 100010,
      "commissionPercent" : 20,
      "simulation" : false
    },
    "100013" : {
      "@type" : "HierarchyContract",
      "id" : 100014,
      "pointsPrecision" : 3,
      "commissionSettingsLineId" : 100010,
      "commissionPercent" : 20,
      "simulation" : false
    },
    "100015" : {
      "@type" : "HierarchyContract",
      "id" : 100016,
      "pointsPrecision" : 3,
      "commissionSettingsLineId" : 100010,
      "commissionPercent" : 20,
      "simulation" : false
    }
  },
  "commissionType" : "HIERARCHY_COMMISSION"
} ] ]